Copyright 1986-2022 Xilinx, Inc. All Rights Reserved. Copyright 2022-2024 Advanced Micro Devices, Inc. All Rights Reserved.
---------------------------------------------------------------------------------------------------------------------------------------------
| Tool Version : Vivado v.2024.2 (win64) Build 5239630 Fri Nov 08 22:35:27 MST 2024
| Date         : Sun Jan  4 00:43:15 2026
| Host         : PC-Home running 64-bit major release  (build 9200)
| Command      : report_control_sets -verbose -file ex04_control_sets_placed.rpt
| Design       : ex04
| Device       : xc7a35t
---------------------------------------------------------------------------------------------------------------------------------------------

Control Set Information

Table of Contents
-----------------
1. Summary
2. Histogram
3. Flip-Flop Distribution
4. Detailed Control Set Information

1. Summary
----------

+----------------------------------------------------------+-------+
|                          Status                          | Count |
+----------------------------------------------------------+-------+
| Total control sets                                       |    14 |
|    Minimum number of control sets                        |    14 |
|    Addition due to synthesis replication                 |     0 |
|    Addition due to physical synthesis replication        |     0 |
| Unused register locations in slices containing registers |    63 |
+----------------------------------------------------------+-------+
* Control sets can be merged at opt_design using control_set_merge or merge_equivalent_drivers
** Run report_qor_suggestions for automated merging and remapping suggestions


2. Histogram
------------

+--------------------+-------+
|       Fanout       | Count |
+--------------------+-------+
| Total control sets |    14 |
| >= 0 to < 4        |     3 |
| >= 4 to < 6        |     0 |
| >= 6 to < 8        |     1 |
| >= 8 to < 10       |     1 |
| >= 10 to < 12      |     2 |
| >= 12 to < 14      |     1 |
| >= 14 to < 16      |     0 |
| >= 16              |     6 |
+--------------------+-------+
* Control sets can be remapped at either synth_design or opt_design


3. Flip-Flop Distribution
-------------------------

+--------------+-----------------------+------------------------+-----------------+--------------+
| Clock Enable | Synchronous Set/Reset | Asynchronous Set/Reset | Total Registers | Total Slices |
+--------------+-----------------------+------------------------+-----------------+--------------+
| No           | No                    | No                     |               7 |            5 |
| No           | No                    | Yes                    |               0 |            0 |
| No           | Yes                   | No                     |              36 |           14 |
| Yes          | No                    | No                     |              20 |            5 |
| Yes          | No                    | Yes                    |               0 |            0 |
| Yes          | Yes                   | No                     |             114 |           32 |
+--------------+-----------------------+------------------------+-----------------+--------------+


4. Detailed Control Set Information
-----------------------------------

+------------------------+--------------------------+------------------+------------------+----------------+--------------+
|      Clock Signal      |       Enable Signal      | Set/Reset Signal | Slice Load Count | Bel Load Count | Bels / Slice |
+------------------------+--------------------------+------------------+------------------+----------------+--------------+
|  u_hc/u0/inst/clk_out1 | u_hc/trig_i_1_n_0        | rst_reg_n_0      |                1 |              1 |         1.00 |
|  clk_IBUF_BUFG         |                          |                  |                1 |              1 |         1.00 |
|  clk_IBUF_BUFG         | u_tx/tx_i_1_n_0          | rst_reg_n_0      |                1 |              1 |         1.00 |
|  u_hc/u0/inst/clk_out1 |                          |                  |                4 |              6 |         1.50 |
|  clk_IBUF_BUFG         | u_tx/shreg               | rst_reg_n_0      |                2 |              8 |         4.00 |
|  u_hc/u0/inst/clk_out1 | u_hc/distance[9]_i_1_n_0 | rst_reg_n_0      |                3 |             10 |         3.33 |
|  clk_IBUF_BUFG         | dist_latched[9]_i_1_n_0  | rst_reg_n_0      |                3 |             10 |         3.33 |
|  clk_IBUF_BUFG         | u_tx/clk_cnt[12]_i_1_n_0 | rst_reg_n_0      |                5 |             13 |         2.60 |
|  u_hc/u0/inst/clk_out1 | u_hc/trig_cnt            | rst_reg_n_0      |                4 |             16 |         4.00 |
|  u_hc/u0/inst/clk_out1 | u_hc/echo_cnt            | rst_reg_n_0      |                4 |             18 |         4.50 |
|  u_hc/u0/inst/clk_out1 | u_hc/timeout_cnt         | rst_reg_n_0      |                4 |             18 |         4.50 |
|  u_hc/u0/inst/clk_out1 | u_hc/period_cnt          | rst_reg_n_0      |                5 |             19 |         3.80 |
|  clk_IBUF_BUFG         | por_cnt[0]_i_1_n_0       |                  |                5 |             20 |         4.00 |
|  clk_IBUF_BUFG         |                          | rst_reg_n_0      |               14 |             36 |         2.57 |
+------------------------+--------------------------+------------------+------------------+----------------+--------------+


